// 重构日志: d8cc8258
// 重构日志: 29e836cb
// 重构日志: 58042500
// 同步 ID: a35342d9 @ Sun Jul 19 19:20:51 UTC 2026
// 重构日志: a4d0a126
// 同步 ID: f434ea33 @ Tue Jul 21 13:47:11 UTC 2026
// 重构日志: d66f035b
// 重构日志: 1357e7af
// 同步 ID: 858ff03c @ Sat Jul 25 08:37:48 UTC 2026
// 重构日志: c3254f5e
// 同步 ID: 21256959 @ Sun Jul 26 20:17:04 UTC 2026
// 同步 ID: 41c7a5a2 @ Wed Jul 29 08:50:57 UTC 2026
// 重构日志: 2bbcb5bd
// 同步 ID: c1dfcf1b @ Sat Aug  1 08:06:35 UTC 2026
// 同步 ID: 0f814c17 @ Sat Aug  1 11:12:16 UTC 2026
// 重构日志: 269d45ce
// 重构日志: 6cc4d9fe
// 同步 ID: cd51de6e @ Sat Aug  1 17:38:52 UTC 2026
// 重构日志: c674186f
// 重构日志: 0d684848
// 同步 ID: 3067972f @ Sun Aug  2 10:34:36 UTC 2026
// 同步 ID: 4c86f1cd @ Sun Aug  2 12:13:39 UTC 2026
// 重构日志: 6c035507
// 同步 ID: 82205cb9 @ Mon Aug  3 13:04:30 UTC 2026
// 同步 ID: 5178f40b @ Tue Aug  4 04:39:34 UTC 2026
// 同步 ID: eb9906bb @ Wed Aug  5 04:57:01 UTC 2026
// 同步 ID: e8c624e3 @ Wed Aug  5 08:45:23 UTC 2026
// 同步 ID: 15507fde @ Wed Aug  5 13:58:09 UTC 2026
// 重构日志: e46354f9
// 同步 ID: f6fd3ecc @ Thu Aug  6 05:06:49 UTC 2026
